LAYER
	NAME "limite_provincial_cusco"
	GROUP "PY148"
	MAXSCALE -1.0
	MINSCALE -1.0
	TYPE polygon
	PROCESSING "LABEL_NO_CLIP=1"
	PROCESSING "CLOSE_CONNECTION=DEFER"
	DUMP true
	HEADER "plantillas/inicio.html"
	#TEMPLATE "plantillas/uac/py148/limite_provincial_cusco.html"
	FOOTER "plantillas/fin.html"
	STATUS on
	TRANSPARENCY 100
	DATA "geom FROM (SELECT gid, nom_prov, capital, ley_crea, fecha_crea, fuente, geom FROM py148.limite_provincial_cusco) as uac using unique gid using srid=32719"
	INCLUDE "configuracion/postgresql_uac.map"
	PROJECTION
		"init=epsg:32719"
	END
	CLASSITEM "gid"
	METADATA
		"wms_group_title" "PY148"
		"queryable" "true"
		"wms_metadataurl_href" ""
		"wms_metadataurl_format" "text/xml"
		"wms_metadataurl_type" "TC211"
		"wms_title" "Límite privincial Cusco"
		"wms_abstract" "Límite provincial Cusco || Universidad Andina del Cusco :: Perú"
		"wms_credit" "UAC"
		"wms_dataurl" ""
		"wms_dataurl_format" "text/html"
		"wms_dataurl_href" ""
		"autor" "UAC - 2022"
		"wms_extent" "-42633.38183766813 8289895.571653964 354304.6876313626 8760803.283041088"
		"wms_srs" "EPSG:32719"
		"wms_include_items" "all"
		"wms_exclude_items" "gid"
		"wms_enable_request" "*"
	END
	CLASS
		NAME "Límite provincial"
		EXPRESSION /./
		STYLE
			COLOR -1 -1 -1
			OUTLINECOLOR 52 73 94
			WIDTH 2
		END
	END
END # Layer