LAYER
	NAME "limite_distrital_cusco"
	GROUP "PY148"
	MAXSCALE -1.0
	MINSCALE -1.0
	TYPE polygon
	PROCESSING "LABEL_NO_CLIP=1"
	PROCESSING "CLOSE_CONNECTION=DEFER"
	DUMP true
	HEADER "plantillas/inicio.html"
	#TEMPLATE "plantillas/uac/py148/limite_distrital_cusco.html"
	FOOTER "plantillas/fin.html"
	STATUS on
	TRANSPARENCY 100
	DATA "geom FROM (SELECT gid, cod_dist, nom_prov, nom_dist, dcto || ' ' || ley AS norma, fecha_crea, geom FROM py148.limite_distrital_cusco) as uac using unique gid using srid=32719"
	INCLUDE "configuracion/postgresql_uac.map"
	PROJECTION
		"init=epsg:32719"
	END
	CLASSITEM "gid"
	METADATA
		"wms_group_title" "PY148"
		"queryable" "true"
		"wms_metadataurl_href" ""
		"wms_metadataurl_format" "text/xml"
		"wms_metadataurl_type" "TC211"
		"wms_title" "Límite distrital Cusco"
		"wms_abstract" "Límite distrital Cusco || Universidad Andina del Cusco :: Perú"
		"wms_credit" "UAC"
		"wms_dataurl" ""
		"wms_dataurl_format" "text/html"
		"wms_dataurl_href" ""
		"autor" "UAC - 2022"
		"wms_extent" "147537.78570748644 8474004.834045459 207165.661218967 8521893.103696927"
		"wms_srs" "EPSG:32719"
		"wms_include_items" "all"
		"wms_exclude_items" "gid"
		"wms_enable_request" "*"
	END
	CLASS
		NAME "Límite distrital"
		EXPRESSION /./
		STYLE
			COLOR -1 -1 -1
			OUTLINECOLOR 52 73 94
			WIDTH 1
		END
	END
END # Layer