LAYER
	NAME "red_hidrografica"
	GROUP "PY148"
	MAXSCALE -1.0
	MINSCALE -1.0
	TYPE line
	PROCESSING "LABEL_NO_CLIP=1"
	PROCESSING "CLOSE_CONNECTION=DEFER"
	DUMP true
	HEADER "plantillas/inicio.html"
	#TEMPLATE "plantillas/uac/py148/red_hidrografica.html"
	FOOTER "plantillas/fin.html"
	STATUS on
	TRANSPARENCY 100
	DATA "geom FROM (SELECT gid, rasgo_prin, rasgo_sec, nom_rio, long_km, fuente, geom FROM py148.red_hidrografica) as uac using unique gid using srid=32719"
	INCLUDE "configuracion/postgresql_uac.map"
	PROJECTION
		"init=epsg:32719"
	END
	CLASSITEM "gid"
	METADATA
		"wms_group_title" "PY148"
		"queryable" "true"
		"wms_metadataurl_href" ""
		"wms_metadataurl_format" "text/xml"
		"wms_metadataurl_type" "TC211"
		"wms_title" "Red hidrográfica"
		"wms_abstract" "Red hidrográfica || Universidad Andina del Cusco :: Perú"
		"wms_credit" "UAC"
		"wms_dataurl" ""
		"wms_dataurl_format" "text/html"
		"wms_dataurl_href" ""
		"autor" "UAC - 2022"
		"wms_extent" "148573.46184940665 8483016.071696766 205657.9961375594 8520830.158280699"
		"wms_srs" "EPSG:32719"
		"wms_include_items" "all"
		"wms_exclude_items" "gid"
		"wms_enable_request" "*"
	END
	CLASS
		NAME "Red hidrográfica"
		EXPRESSION /./
		OUTLINECOLOR 0 0 200
	END
END # Layer