LAYER
	NAME "red_vial_departamental"
	GROUP "PY148"
	MAXSCALE -1.0
	MINSCALE -1.0
	TYPE line
	PROCESSING "LABEL_NO_CLIP=1"
	PROCESSING "CLOSE_CONNECTION=DEFER"
	DUMP true
	HEADER "plantillas/inicio.html"
	#TEMPLATE "plantillas/uac/py148/red_vial_departamental.html"
	FOOTER "plantillas/fin.html"
	STATUS on
	TRANSPARENCY 100
	DATA "geom FROM (SELECT gid, cod_ds12, tray_ds12, cod_ds11, tray_ds11, rodadura, sentido, base, fecha_actu, fuente, long_km, reclasif, geom FROM py148.red_vial_departamental) as uac using unique gid using srid=32719"
	INCLUDE "configuracion/postgresql_uac.map"
	PROJECTION
		"init=epsg:32719"
	END
	CLASSITEM "gid"
	METADATA
		"wms_group_title" "PY148"
		"queryable" "true"
		"wms_metadataurl_href" ""
		"wms_metadataurl_format" "text/xml"
		"wms_metadataurl_type" "TC211"
		"wms_title" "Red vial departamental"
		"wms_abstract" "Red vial departamental || Universidad Andina del Cusco :: Perú"
		"wms_credit" "UAC"
		"wms_dataurl" ""
		"wms_dataurl_format" "text/html"
		"wms_dataurl_href" ""
		"autor" "UAC - 2022"
		"wms_extent" "153612.27597043454 8484844.70420653 191436.10367777204 8517332.197589671"
		"wms_srs" "EPSG:32719"
		"wms_include_items" "all"
		"wms_exclude_items" "gid"
		"wms_enable_request" "*"
	END
	CLASS
		NAME "Red vial departamental"
		EXPRESSION /./
		STYLE
			SYMBOL "linea1"
			SIZE 2
			COLOR 128 128 128
			ANTIALIAS TRUE
		END
	END
END # Layer