LAYER
  NAME "anomalia_precipitacion_anual_2041_2050_subcuenca_chicha"
  GROUP "Escenarios hidrológicos periodo 2011 al 2050 Cuenca del Río Pampas"
  STATUS off
  DATA "archivos/raster/anomalia_precipitacion_anual_2041_2050_subcuenca_chicha.img"
  TYPE RASTER
  TRANSPARENCY 100
  DUMP true
  HEADER   "plantillas/inicio.html"
  TEMPLATE "plantillas/raster.html"
  FOOTER   "plantillas/fin.html" 
  PROJECTION
	"init=epsg:32718"
  END
  METADATA
	"wms_encoding" "LATIN1"
	"layer_encoding" "LATIN1"
	"wms_group_title" "Escenarios hidrológicos periodo 2011 al 2050 Cuenca del Río Pampas"
	"queryable" "true"
	"wms_metadataurl_type" "TC211"
	"wms_title" "Anomalía de la precipitación anual (2041-2050), subcuenca Chicha"
	"wms_abstract" "Anomalía de la precipitación anual (2041-2050), subcuenca Chicha, modelo MIHR - Escenario A1B - Copyright © Servicio Nacional de Meteorología e Hidrología - SENAMHI, fecha: Junio 2010 :: http://www.senamhi.gob.pe, Publicado por el Programa de Adaptación al Cambio Climático  - PACC Perú 2013 :: http://www.paccperu.org.pe"
	"wms_dataurl_href" "../descargar/anomalia_precipitacion_anual_2041_2050_subcuenca_chicha.rar" 
	"autor" "© SENAMHI (Diciembre 2010) - PACC Perú"
	"wms_extent" "630985.27031366 8392391.3524332 686305.27031366 8478191.3524332"
	"wms_srs" "EPSG:32718"
	"wms_include_items" "all"
	"wms_exclude_items" "value_0,red,green,blue"
	"force_imagetype" "jpeg"
  END
  CLASS
	NAME "Modelo MIHR - Escenario A1B"
    EXPRESSION ([pixel] = -99999)
    COLOR -1 -1 -1
  END
  CLASS
	NAME " "
    EXPRESSION ([pixel] = -9999)
    COLOR -1 -1 -1
  END
  CLASS
	NAME "Anomalía de pp (%)"
    EXPRESSION ([pixel] = -999)
    COLOR -1 -1 -1
  END
  CLASS
	NAME "-19 - -18"
    EXPRESSION ([pixel] >= -19 AND [pixel] < -18)
    COLOR 243 255 20
  END
  CLASS
	NAME "-18 - -17"
    EXPRESSION ([pixel] >= -18 AND [pixel] < -17)
    COLOR 208 240 0
  END
  CLASS
	NAME "-17 - -16.5"
    EXPRESSION ([pixel] >= -17 AND [pixel] < -16.5)
    COLOR 0 255 0
  END
  CLASS
	NAME "-16.5 - -16"
    EXPRESSION ([pixel] >= -16.5 AND [pixel] < -16)
    COLOR 44 150 69
  END
  CLASS
	NAME "-16 - -15.5"
    EXPRESSION ([pixel] >= -16 AND [pixel] < -15.5)
    COLOR 80 196 51
  END
  CLASS
	NAME "-15.5 - -15"
    EXPRESSION ([pixel] >= -15.5 AND [pixel] < -15)
    COLOR 25 230 168
  END
  CLASS
	NAME "-15 - -14.5"
    EXPRESSION ([pixel] >= -15 AND [pixel] < -14.5)
    COLOR 0 168 132
  END
  CLASS
	NAME "-14.5 - -14"
    EXPRESSION ([pixel] >= -14.5 AND [pixel] < -14)
    COLOR 41 248 255
  END
  CLASS
	NAME "-14 - -13.5"
    EXPRESSION ([pixel] >= -14 AND [pixel] < -13.5)
    COLOR 0 166 255
  END
  CLASS
	NAME "-13.5 - -13"
    EXPRESSION ([pixel] >= -13.5 AND [pixel] < -13)
    COLOR 0 0 255
  END
  CLASS
	NAME "-13 - -12.5"
    EXPRESSION ([pixel] >= -13 AND [pixel] < -12.5)
    COLOR 168 0 230
  END
  CLASS
	NAME "-12.5 - -9.7"
    EXPRESSION ([pixel] >= -12.5 AND [pixel] <= 0)
    COLOR 202 122 245
  END
END # Layer