LAYER
  NAME "anomalia_precipitacion_anual_2021_2030_subcuenca_bajo_pampas"
  GROUP "Escenarios hidrológicos periodo 2011 al 2050 Cuenca del Río Pampas"
  STATUS off
  DATA "archivos/raster/anomalia_precipitacion_anual_2021_2030_subcuenca_bajo_pampas.img"
  TYPE RASTER
  TRANSPARENCY 100
  DUMP true
  HEADER   "plantillas/inicio.html"
  TEMPLATE "plantillas/raster.html"
  FOOTER   "plantillas/fin.html" 
  PROJECTION
	"init=epsg:32718"
  END
  METADATA
	"wms_encoding" "LATIN1"
	"layer_encoding" "LATIN1"
	"wms_group_title" "Escenarios hidrológicos periodo 2011 al 2050 Cuenca del Río Pampas"
	"queryable" "true"
	"wms_metadataurl_type" "TC211"
	"wms_title" "Anomalía de la precipitación anual (2021-2030), subcuenca del Bajo Pampas"
	"wms_abstract" "Anomalía de la precipitación anual (2021-2030), subcuenca del Bajo Pampas, modelo MIHR - Escenario A1B - Copyright © Servicio Nacional de Meteorología e Hidrología - SENAMHI, fecha: Junio 2010 :: http://www.senamhi.gob.pe, Publicado por el Programa de Adaptación al Cambio Climático  - PACC Perú 2013 :: http://www.paccperu.org.pe"
	"wms_dataurl_href" "../descargar/anomalia_precipitacion_anual_2021_2030_subcuenca_bajo_pampas.rar" 
	"autor" "© SENAMHI (Diciembre 2010) - PACC Perú"
	"wms_extent" "631728.96871366 8470572.6467332 708468.96871366 8551722.6467332"
	"wms_srs" "EPSG:32718"
	"wms_include_items" "all"
	"wms_exclude_items" "value_0,red,green,blue"
	"force_imagetype" "jpeg"
  END
  CLASS
	NAME "Modelo MIHR - Escenario A1B"
    EXPRESSION ([pixel] = -99999)
    COLOR -1 -1 -1
  END
  CLASS
	NAME " "
    EXPRESSION ([pixel] = -9999)
    COLOR -1 -1 -1
  END
  CLASS
	NAME "Anomalía de pp (%)"
    EXPRESSION ([pixel] = -999)
    COLOR -1 -1 -1
  END
  CLASS
	NAME "-12.4 - -11.5"
    EXPRESSION ([pixel] >= -12.4 AND [pixel] < -11.5)
    COLOR 243 255 20
  END
  CLASS
	NAME "-11.5 - -11"
    EXPRESSION ([pixel] >= -11.5 AND [pixel] < -11)
    COLOR 208 240 0
  END
  CLASS
	NAME "-11 - -10.5"
    EXPRESSION ([pixel] >= -11 AND [pixel] < -10.5)
    COLOR 0 255 0
  END
  CLASS
	NAME "-10.5 - -10"
    EXPRESSION ([pixel] >= -10.5 AND [pixel] < -10)
    COLOR 44 150 69
  END
  CLASS
	NAME "-10 - -9.5"
    EXPRESSION ([pixel] >= -10 AND [pixel] < -9.5)
    COLOR 80 196 51
  END
  CLASS
	NAME "-9.5 - -9"
    EXPRESSION ([pixel] >= -9.5 AND [pixel] < -9)
    COLOR 25 230 168
  END
  CLASS
	NAME "-9 - -8.5"
    EXPRESSION ([pixel] >= -9 AND [pixel] < -8.5)
    COLOR 0 168 132
  END
  CLASS
	NAME "-8.5 - -8"
    EXPRESSION ([pixel] >= -8.5 AND [pixel] < -8)
    COLOR 41 248 255
  END
  CLASS
	NAME "-8 - -7.5"
    EXPRESSION ([pixel] >= -8 AND [pixel] < -7.5)
    COLOR 0 166 255
  END
  CLASS
	NAME "-7.5 - -7"
    EXPRESSION ([pixel] >= -7.5 AND [pixel] < -7)
    COLOR 0 0 255
  END
  CLASS
	NAME "-7 - -6.5"
    EXPRESSION ([pixel] >= -7 AND [pixel] < -6.5)
    COLOR 168 0 230
  END
  CLASS
	NAME "-6.5 - -4.3"
    EXPRESSION ([pixel] >= -6.5 AND [pixel] <= -4.3)
    COLOR 202 122 245
  END
END # Layer