LAYER
  NAME "anomalia_precipitacion_anual_2031_2040_subcuenca_caracha"
  GROUP "Escenarios hidrológicos periodo 2011 al 2050 Cuenca del Río Pampas"
  STATUS off
  DATA "archivos/raster/anomalia_precipitacion_anual_2031_2040_subcuenca_caracha.img"
  TYPE RASTER
  TRANSPARENCY 100
  DUMP true
  HEADER   "plantillas/inicio.html"
  TEMPLATE "plantillas/raster.html"
  FOOTER   "plantillas/fin.html" 
  PROJECTION
	"init=epsg:32718"
  END
  METADATA
	"wms_encoding" "LATIN1"
	"layer_encoding" "LATIN1"
	"wms_group_title" "Escenarios hidrológicos periodo 2011 al 2050 Cuenca del Río Pampas"
	"queryable" "true"
	"wms_metadataurl_type" "TC211"
	"wms_title" "Anomalía de la precipitación anual (2031-2040), subcuenca Caracha"
	"wms_abstract" "Anomalía de la precipitación anual (2031-2040), subcuenca Caracha, modelo MIHR - Escenario A1B - Copyright © Servicio Nacional de Meteorología e Hidrología - SENAMHI, fecha: Junio 2010 :: http://www.senamhi.gob.pe, Publicado por el Programa de Adaptación al Cambio Climático  - PACC Perú 2013 :: http://www.paccperu.org.pe"
	"wms_dataurl_href" "../descargar/anomalia_precipitacion_anual_2031_2040_subcuenca_caracha.rar" 
	"autor" "© SENAMHI (Diciembre 2010) - PACC Perú"
	"wms_extent" "522405.30391366 8406428.6597332 601335.30391366 8492618.6597332"
	"wms_srs" "EPSG:32718"
	"wms_include_items" "all"
	"wms_exclude_items" "value_0,red,green,blue"
	"force_imagetype" "jpeg"
  END
  CLASS
	NAME "Modelo MIHR - Escenario A1B"
    EXPRESSION ([pixel] = -99999)
    COLOR -1 -1 -1
  END
  CLASS
	NAME " "
    EXPRESSION ([pixel] = -9999)
    COLOR -1 -1 -1
  END
  CLASS
	NAME "Anomalía de pp (%)"
    EXPRESSION ([pixel] = -999)
    COLOR -1 -1 -1
  END
  CLASS
	NAME "-11 - -8"
    EXPRESSION ([pixel] >= -11 AND [pixel] < -8)
    COLOR 243 255 20
  END
  CLASS
	NAME "-8 - -7"
    EXPRESSION ([pixel] >= -8 AND [pixel] < -7)
    COLOR 208 240 0
  END
  CLASS
	NAME "-7 - -6"
    EXPRESSION ([pixel] >= -7 AND [pixel] < -6)
    COLOR 0 255 0
  END
  CLASS
	NAME "-6 - -5"
    EXPRESSION ([pixel] >= -6 AND [pixel] < -5)
    COLOR 44 150 69
  END
  CLASS
	NAME "-5 - -4"
    EXPRESSION ([pixel] >= -5 AND [pixel] < -4)
    COLOR 80 196 51
  END
  CLASS
	NAME "-4 - -3"
    EXPRESSION ([pixel] >= -4 AND [pixel] < -3)
    COLOR 25 230 168
  END
  CLASS
	NAME "-3 - -2"
    EXPRESSION ([pixel] >= -3 AND [pixel] < -2)
    COLOR 0 168 132
  END
  CLASS
	NAME "-2 - -1"
    EXPRESSION ([pixel] >= -2 AND [pixel] < -1)
    COLOR 41 248 255
  END
  CLASS
	NAME "-1 - 0"
    EXPRESSION ([pixel] >= -1 AND [pixel] < 0)
    COLOR 0 166 255
  END
  CLASS
	NAME "0 - 1.9"
    EXPRESSION ([pixel] >= 0 AND [pixel] <= 2)
    COLOR 0 0 255
  END
END # Layer