LAYER
  NAME "evapotranspiracion_real_setiembre_octubre_noviembre_cuencas_pampas_apurimac_urubamba"
  GROUP "Evapotranspiración de las cuencas grandes de Pampas, Apurímac y Urubamba"
  STATUS off
  DATA "archivos/raster/evapotranspiracion_real_setiembre_octubre_noviembre_cuencas_pampas_apurimac_urubamba.img"
  TYPE RASTER
  TRANSPARENCY 100
  DUMP true
  HEADER   "plantillas/inicio.html"
  TEMPLATE "plantillas/raster.html"
  FOOTER   "plantillas/fin.html" 
  PROJECTION
	"init=epsg:32718"
  END
  METADATA
	"wms_encoding" "LATIN1"
	"layer_encoding" "LATIN1"
	"wms_group_title" "Evapotranspiración de las cuencas grandes de Pampas, Apurímac y Urubamba"
	"queryable" "true"
	"wms_metadataurl_type" "TC211"
	"wms_title" "Evapotranspiración real trimestral setiembre, octubre, noviembre"
	"wms_abstract" "Evapotranspiración real trimestral setiembre, octubre, noviembre - Copyright © Servicio Nacional de Meteorología e Hidrología - SENAMHI, fecha: Junio 2010 :: http://www.senamhi.gob.pe, Publicado por el  para el Programa de Adaptación al Cambio Climático  - PACC Perú 2013 :: http://www.paccperu.org.pe"
	"wms_dataurl_href" "../descargar/evapotranspiracion_real_setiembre_octubre_noviembre_cuencas_pampas_apurimac_urubamba.rar" 
	"autor" "© SENAMHI (Diciembre 2010) - PACC Perú"
	"wms_extent" "475170.47341366 8280919.5726332 956086.47341366 8874879.5726332"
	"wms_srs" "EPSG:32718"
	"wms_include_items" "all"
	"wms_exclude_items" "value_0,red,green,blue"
	"force_imagetype" "jpeg"
  END
  CLASS
	NAME "Evapotranspiración real (mm)"
    EXPRESSION ([pixel] = -99999)
    COLOR -1 -1 -1
  END
  CLASS
	NAME "66 - 110"
    EXPRESSION ([pixel] >= 66 AND [pixel] < 110)
    COLOR 62 194 88
  END
  CLASS
	NAME "110 - 120"
    EXPRESSION ([pixel] >= 110 AND [pixel] < 120)
    COLOR 44 150 69
  END
  CLASS
	NAME "120 - 130"
    EXPRESSION ([pixel] >= 120 AND [pixel] < 130)
    COLOR 0 255 0
  END
  CLASS
	NAME "130 - 140"
    EXPRESSION ([pixel] >= 130 AND [pixel] < 140)
    COLOR 154 217 52
  END
  CLASS
	NAME "140 - 150"
    EXPRESSION ([pixel] >= 140 AND [pixel] < 150)
    COLOR 204 230 7
  END
  CLASS
	NAME "150 - 160"
    EXPRESSION ([pixel] >= 150 AND [pixel] < 160)
    COLOR 220 255 105
  END
  CLASS
	NAME "160 - 170"
    EXPRESSION ([pixel] >= 160 AND [pixel] < 170)
    COLOR 250 250 7
  END
  CLASS
	NAME "170 - 180"
    EXPRESSION ([pixel] >= 170 AND [pixel] < 180)
    COLOR 255 208 0
  END
  CLASS
	NAME "180 - 190"
    EXPRESSION ([pixel] >= 180 AND [pixel] < 190)
    COLOR 255 145 0
  END
  CLASS
	NAME "190 - 200"
    EXPRESSION ([pixel] >= 190 AND [pixel] < 200)
    COLOR 255 134 128
  END
  CLASS
	NAME "200 - 222"
    EXPRESSION ([pixel] >= 200 AND [pixel] <= 222)
    COLOR 230 101 127
  END
END # Layer