LAYER
  NAME "precipitacion_trimestral_junio_julio_agosto_decada_1990_1999"
  GROUP "Precipitación decadal de las cuencas grandes de Pampas, Apurímac y Urubamba"
  STATUS off
  DATA "archivos/raster/precipitacion_trimestral_junio_julio_agosto_decada_1990_1999.img"
  TYPE RASTER
  TRANSPARENCY 100
  DUMP true
  HEADER   "plantillas/inicio.html"
  TEMPLATE "plantillas/raster.html"
  FOOTER   "plantillas/fin.html" 
  PROJECTION
	"init=epsg:32718"
  END
  METADATA
	"wms_encoding" "LATIN1"
	"layer_encoding" "LATIN1"
	"wms_group_title" "Precipitación decadal de las cuencas grandes de Pampas, Apurímac y Urubamba"
	"queryable" "true"
	"wms_metadataurl_type" "TC211"
	"wms_title" "Precipitación trimestral junio,julio,agosto década 1990 - 1999"
	"wms_abstract" "Precipitación trimestral junio,julio,agosto década 1990 - 1999 - Copyright © Servicio Nacional de Meteorología e Hidrología - SENAMHI, fecha: Junio 2010 :: http://www.senamhi.gob.pe, Publicado por el Programa de Adaptación al Cambio Climático  - PACC Perú 2013 :: http://www.paccperu.org.pe"
	"wms_dataurl_href" "../descargar/precipitacion_trimestral_junio_julio_agosto_decada_1990_1999.rar" 
	"autor" "© SENAMHI (Diciembre 2010) - PACC Perú"
	"wms_extent" ""
	"wms_srs" "EPSG:32718"
	"wms_include_items" "all"
	"wms_exclude_items" "value_0,red,green,blue"
	"force_imagetype" "jpeg"
  END
  CLASS  
	NAME "Precipitación (mm)"
	EXPRESSION "-1"
	COLOR -1 -1 -1
  END
  CLASS  
	NAME "0 - 50"
	EXPRESSION "0-50"
	COLOR 204 0 0
	OUTLINECOLOR 204 0 0
  END
  CLASS  
	NAME "50 - 100"
	EXPRESSION "50-100"
	COLOR 204 76 0
	OUTLINECOLOR 204 76 0
  END
  CLASS  
	NAME "100 - 200"
	EXPRESSION "100-200"
	COLOR 230 126 0
	OUTLINECOLOR 230 126 0
  END
  CLASS  
	NAME "200 - 500"
	EXPRESSION "200-500"
	COLOR 255 153 0
	OUTLINECOLOR 255 153 0
  END
  CLASS  
	NAME "500 - 700"
	EXPRESSION "500-700"
	COLOR 255 204 0
	OUTLINECOLOR 255 204 0
  END
  CLASS  
	NAME "700 - 1000"
	EXPRESSION "700-1000"
	COLOR 255 255 0
	OUTLINECOLOR 255 255 0
  END
  CLASS  
	NAME "1000 - 1500"
	EXPRESSION "1000-1500"
	COLOR 207 237 0
	OUTLINECOLOR 207 237 0
  END
  CLASS  
	NAME "1500 - 2000"
	EXPRESSION "1500-2000"
	COLOR 161 219 9
	OUTLINECOLOR 161 219 9
  END
  CLASS  
	NAME "2000 - 3000"
	EXPRESSION "2000-3000"
	COLOR 121 201 0
	OUTLINECOLOR 121 201 0
  END
  CLASS  
	NAME "3000 - 5000"
	EXPRESSION "3000-5000"
	COLOR 86 184 0
	OUTLINECOLOR 86 184 0
  END
  CLASS  
	NAME "5000 - 8000"
	EXPRESSION "5000-8000"
	COLOR 57 156 0
	OUTLINECOLOR 57 156 0
  END
END # Layer