LAYER
  NAME "promedio_multianual_evapotranspiracion_real_noviembre"
  GROUP "Evapotranspiración regiones de Cusco y Apurímac"
  STATUS off
  DATA "archivos/raster/promedio_multianual_evapotranspiracion_real_noviembre.img"
  TYPE RASTER
  TRANSPARENCY 100
  DUMP true
  HEADER   "plantillas/inicio.html"
  TEMPLATE "plantillas/raster.html"
  FOOTER   "plantillas/fin.html" 
  PROJECTION
	"init=epsg:32718"
  END
  METADATA
	"wms_encoding" "LATIN1"
	"layer_encoding" "LATIN1"
	"wms_group_title" "Evapotranspiración regiones de Cusco y Apurímac"
	"queryable" "true"
	"wms_metadataurl_type" "TC211"
	"wms_title" "Promedio multianual de la evapotranspiración real noviembre"
	"wms_abstract" "Promedio multianual de la evapotranspiración real noviembre - Copyright © Servicio Nacional de Meteorología e Hidrología - SENAMHI, fecha: Junio 2010 :: http://www.senamhi.gob.pe, Publicado por el  para el Programa de Adaptación al Cambio Climático  - PACC Perú 2013 :: http://www.paccperu.org.pe"
	"wms_dataurl_href" "../descargar/promedio_multianual_evapotranspiracion_real_noviembre.rar" 
	"autor" "© SENAMHI (Junio 2010) - PACC Perú"
	"wms_extent" "609253.687525827 8286928 1004503.68752583 8759678"
	"wms_srs" "EPSG:32718"
	"wms_include_items" "all"
	"wms_exclude_items" "value_0,red,green,blue"
	"force_imagetype" "jpeg"
  END
  CLASS
	NAME "Evapotranspiración real (mm)"
    EXPRESSION ([pixel] = -99999)
    COLOR -1 -1 -1
  END
  CLASS
	NAME "38 - 50"
    EXPRESSION ([pixel] >= 38 AND [pixel] < 50)
    COLOR 54 145 33
  END
  CLASS
	NAME "50 - 60"
    EXPRESSION ([pixel] >= 50 AND [pixel] < 60)
    COLOR 149 199 105
  END
  CLASS
	NAME "60 - 70"
    EXPRESSION ([pixel] >= 60 AND [pixel] < 70)
    COLOR 102 217 129
  END
  CLASS
	NAME "70 - 90"
    EXPRESSION ([pixel] >= 70 AND [pixel] < 90)
    COLOR 204 230 76
  END
  CLASS
	NAME "90 - 110"
    EXPRESSION ([pixel] >= 90 AND [pixel] < 110)
    COLOR 235 255 153
  END
  CLASS
	NAME "110 - 130"
    EXPRESSION ([pixel] >= 110 AND [pixel] < 130)
    COLOR 250 250 95
  END
  CLASS
	NAME "130 - 140"
    EXPRESSION ([pixel] >= 130 AND [pixel] < 140)
    COLOR 255 208 0
  END
  CLASS
	NAME "140 - 150"
    EXPRESSION ([pixel] >= 140 AND [pixel] < 150)
    COLOR 255 134 128
  END
  CLASS
	NAME "150 - 160"
    EXPRESSION ([pixel] >= 150 AND [pixel] <= 170)
    COLOR 230 101 127
  END
END # Layer